ARCHIVED REPORT EXCERPT: top-level timing, latency and resource summaries only.



================================================================
== Vivado HLS Report for 'attention_head'
================================================================
* Date:           Sun Jun 14 01:36:24 2026

* Version:        2019.1 (Build 2552052 on Fri May 24 15:28:33 MDT 2019)
* Project:        attention
* Solution:       solution17_s11_nomaxnorm
* Product family: artix7
* Target device:  xc7a200t-fbg484-1


================================================================
== Performance Estimates
================================================================
+ Timing (ns): 
    * Summary: 
    +--------+-------+----------+------------+
    |  Clock | Target| Estimated| Uncertainty|
    +--------+-------+----------+------------+
    |ap_clk  |  10.00|    10.200|        1.25|
    +--------+-------+----------+------------+

+ Latency (clock cycles): 
    * Summary: 
    +---------+---------+---------+---------+---------+
    |      Latency      |      Interval     | Pipeline|
    |   min   |   max   |   min   |   max   |   Type  |
    +---------+---------+---------+---------+---------+
    |  3615745|  3615745|  3615745|  3615745|   none  |
    +---------+---------+---------+---------+---------+

    
== Utilization Estimates ==

================================================================
* Summary: 
+-----------------+---------+-------+--------+--------+-----+
|       Name      | BRAM_18K| DSP48E|   FF   |   LUT  | URAM|
+-----------------+---------+-------+--------+--------+-----+
|DSP              |        -|      -|       -|       -|    -|
|Expression       |        -|      -|       0|    2464|    -|
|FIFO             |        -|      -|       -|       -|    -|
|Instance         |        1|    521|   38056|   42246|    -|
|Memory           |        1|      -|       0|       0|    0|
|Multiplexer      |        -|      -|       -|   34920|    -|
|Register         |        0|      -|   42222|     736|    -|
+-----------------+---------+-------+--------+--------+-----+
|Total            |        2|    521|   80278|   80366|    0|
+-----------------+---------+-------+--------+--------+-----+
|Available        |      730|    740|  269200|  134600|    0|
+-----------------+---------+-------+--------+--------+-----+
|Utilization (%)  |    ~0   |     70|      29|      59|    0|
+-----------------+---------+-------+--------+--------+-----+

