ARCHIVED REPORT EXCERPT: top-level timing, latency and resource summaries only.



================================================================
== Vivado HLS Report for 'attention_head'
================================================================
* Date:           Mon Jun 15 13:04:38 2026

* Version:        2019.1 (Build 2552052 on Fri May 24 15:28:33 MDT 2019)
* Project:        attention
* Solution:       solution1_baseline
* Product family: artix7
* Target device:  xc7a200t-fbg484-1


================================================================
== Performance Estimates
================================================================
+ Timing (ns): 
    * Summary: 
    +--------+-------+----------+------------+
    |  Clock | Target| Estimated| Uncertainty|
    +--------+-------+----------+------------+
    |ap_clk  |  10.00|    10.200|        1.25|
    +--------+-------+----------+------------+

+ Latency (clock cycles): 
    * Summary: 
    +------------+------------+------------+------------+---------+
    |         Latency         |         Interval        | Pipeline|
    |     min    |     max    |     min    |     max    |   Type  |
    +------------+------------+------------+------------+---------+
    |  2989762561|  2989762561|  2989762561|  2989762561|   none  |
    +------------+------------+------------+------------+---------+

    
== Utilization Estimates ==

================================================================
* Summary: 
+-----------------+---------+-------+--------+--------+-----+
|       Name      | BRAM_18K| DSP48E|   FF   |   LUT  | URAM|
+-----------------+---------+-------+--------+--------+-----+
|DSP              |        -|      -|       -|       -|    -|
|Expression       |        -|      -|       0|     362|    -|
|FIFO             |        -|      -|       -|       -|    -|
|Instance         |        1|      9|    1226|    1439|    -|
|Memory           |        1|      -|       0|       0|    0|
|Multiplexer      |        -|      -|       -|     552|    -|
|Register         |        -|      -|     501|       -|    -|
+-----------------+---------+-------+--------+--------+-----+
|Total            |        2|      9|    1727|    2353|    0|
+-----------------+---------+-------+--------+--------+-----+
|Available        |      730|    740|  269200|  134600|    0|
+-----------------+---------+-------+--------+--------+-----+
|Utilization (%)  |    ~0   |      1|   ~0   |       1|    0|
+-----------------+---------+-------+--------+--------+-----+

