ARCHIVED REPORT EXCERPT: top-level timing, latency and resource summaries only.



================================================================
== Vivado HLS Report for 'attention_head'
================================================================
* Date:           Thu Jun 11 10:05:57 2026

* Version:        2019.1 (Build 2552052 on Fri May 24 15:28:33 MDT 2019)
* Project:        attention
* Solution:       solution5b_qk_cyclic
* Product family: artix7
* Target device:  xc7a200t-fbg484-1


================================================================
== Performance Estimates
================================================================
+ Timing (ns): 
    * Summary: 
    +--------+-------+----------+------------+
    |  Clock | Target| Estimated| Uncertainty|
    +--------+-------+----------+------------+
    |ap_clk  |  10.00|    11.411|        1.25|
    +--------+-------+----------+------------+

+ Latency (clock cycles): 
    * Summary: 
    +----------+----------+----------+----------+---------+
    |       Latency       |       Interval      | Pipeline|
    |    min   |    max   |    min   |    max   |   Type  |
    +----------+----------+----------+----------+---------+
    |  12886017|  12886017|  12886017|  12886017|   none  |
    +----------+----------+----------+----------+---------+

    
== Utilization Estimates ==

================================================================
* Summary: 
+-----------------+---------+-------+--------+--------+-----+
|       Name      | BRAM_18K| DSP48E|   FF   |   LUT  | URAM|
+-----------------+---------+-------+--------+--------+-----+
|DSP              |        -|      -|       -|       -|    -|
|Expression       |        -|      -|       0|    2541|    -|
|FIFO             |        -|      -|       -|       -|    -|
|Instance         |        1|    267|   16951|   16595|    -|
|Memory           |        1|      -|       0|       0|    0|
|Multiplexer      |        -|      -|       -|   11334|    -|
|Register         |        0|      -|   25233|    7524|    -|
+-----------------+---------+-------+--------+--------+-----+
|Total            |        2|    267|   42184|   37994|    0|
+-----------------+---------+-------+--------+--------+-----+
|Available        |      730|    740|  269200|  134600|    0|
+-----------------+---------+-------+--------+--------+-----+
|Utilization (%)  |    ~0   |     36|      15|      28|    0|
+-----------------+---------+-------+--------+--------+-----+

