ARCHIVED REPORT EXCERPT: top-level timing, latency and resource summaries only.



================================================================
== Vivado HLS Report for 'attention_head'
================================================================
* Date:           Mon Jun 15 09:38:27 2026

* Version:        2019.1 (Build 2552052 on Fri May 24 15:28:33 MDT 2019)
* Project:        attention
* Solution:       solution21_fixed_f64
* Product family: artix7
* Target device:  xc7a200t-fbg484-1


================================================================
== Performance Estimates
================================================================
+ Timing (ns): 
    * Summary: 
    +--------+-------+----------+------------+
    |  Clock | Target| Estimated| Uncertainty|
    +--------+-------+----------+------------+
    |ap_clk  |  10.00|     8.712|        1.25|
    +--------+-------+----------+------------+

+ Latency (clock cycles): 
    * Summary: 
    +---------+---------+---------+---------+---------+
    |      Latency      |      Interval     | Pipeline|
    |   min   |   max   |   min   |   max   |   Type  |
    +---------+---------+---------+---------+---------+
    |  2742273|  2742273|  2742273|  2742273|   none  |
    +---------+---------+---------+---------+---------+

    
== Utilization Estimates ==

================================================================
* Summary: 
+-----------------+---------+-------+--------+--------+-----+
|       Name      | BRAM_18K| DSP48E|   FF   |   LUT  | URAM|
+-----------------+---------+-------+--------+--------+-----+
|DSP              |        -|    257|       -|       -|    -|
|Expression       |        -|    256|     200|   19911|    -|
|FIFO             |        -|      -|       -|       -|    -|
|Instance         |        -|     14|    1610|    2729|    -|
|Memory           |        2|      -|       0|       0|    0|
|Multiplexer      |        -|      -|       -|    3060|    -|
|Register         |        0|      -|   22061|     256|    -|
+-----------------+---------+-------+--------+--------+-----+
|Total            |        2|    527|   23871|   25956|    0|
+-----------------+---------+-------+--------+--------+-----+
|Available        |      730|    740|  269200|  134600|    0|
+-----------------+---------+-------+--------+--------+-----+
|Utilization (%)  |    ~0   |     71|       8|      19|    0|
+-----------------+---------+-------+--------+--------+-----+

