ARCHIVED REPORT EXCERPT: top-level timing, latency and resource summaries only.



================================================================
== Vivado HLS Report for 'attention_head'
================================================================
* Date:           Mon Jun 15 10:34:21 2026

* Version:        2019.1 (Build 2552052 on Fri May 24 15:28:33 MDT 2019)
* Project:        attention
* Solution:       solution23_base2
* Product family: artix7
* Target device:  xc7a200t-fbg484-1


================================================================
== Performance Estimates
================================================================
+ Timing (ns): 
    * Summary: 
    +--------+-------+----------+------------+
    |  Clock | Target| Estimated| Uncertainty|
    +--------+-------+----------+------------+
    |ap_clk  |  10.00|     8.750|        1.25|
    +--------+-------+----------+------------+

+ Latency (clock cycles): 
    * Summary: 
    +---------+---------+---------+---------+---------+
    |      Latency      |      Interval     | Pipeline|
    |   min   |   max   |   min   |   max   |   Type  |
    +---------+---------+---------+---------+---------+
    |  9682945|  9682945|  9682945|  9682945|   none  |
    +---------+---------+---------+---------+---------+

    
== Utilization Estimates ==

================================================================
* Summary: 
+-----------------+---------+-------+--------+--------+-----+
|       Name      | BRAM_18K| DSP48E|   FF   |   LUT  | URAM|
+-----------------+---------+-------+--------+--------+-----+
|DSP              |        -|      -|       -|       -|    -|
|Expression       |        -|      -|       0|    4015|    -|
|FIFO             |        -|      -|       -|       -|    -|
|Instance         |        0|    139|   10906|   12710|    -|
|Memory           |        5|      -|       0|       0|    0|
|Multiplexer      |        -|      -|       -|   11676|    -|
|Register         |        0|      -|   26379|    4608|    -|
+-----------------+---------+-------+--------+--------+-----+
|Total            |        5|    139|   37285|   33009|    0|
+-----------------+---------+-------+--------+--------+-----+
|Available        |      730|    740|  269200|  134600|    0|
+-----------------+---------+-------+--------+--------+-----+
|Utilization (%)  |    ~0   |     18|      13|      24|    0|
+-----------------+---------+-------+--------+--------+-----+

