ARCHIVED REPORT EXCERPT: top-level timing, latency and resource summaries only.



================================================================
== Vivado HLS Report for 'attention_head'
================================================================
* Date:           Mon Jun 15 13:58:28 2026

* Version:        2019.1 (Build 2552052 on Fri May 24 15:28:33 MDT 2019)
* Project:        attention
* Solution:       solution12c_mid
* Product family: artix7
* Target device:  xc7a200t-fbg484-1


================================================================
== Performance Estimates
================================================================
+ Timing (ns): 
    * Summary: 
    +--------+-------+----------+------------+
    |  Clock | Target| Estimated| Uncertainty|
    +--------+-------+----------+------------+
    |ap_clk  |  10.00|    11.411|        1.25|
    +--------+-------+----------+------------+

+ Latency (clock cycles): 
    * Summary: 
    +-----------+-----------+-----------+-----------+---------+
    |        Latency        |        Interval       | Pipeline|
    |    min    |    max    |    min    |    max    |   Type  |
    +-----------+-----------+-----------+-----------+---------+
    |  104416257|  104416257|  104416257|  104416257|   none  |
    +-----------+-----------+-----------+-----------+---------+

    
== Utilization Estimates ==

================================================================
* Summary: 
+-----------------+---------+-------+--------+--------+-----+
|       Name      | BRAM_18K| DSP48E|   FF   |   LUT  | URAM|
+-----------------+---------+-------+--------+--------+-----+
|DSP              |        -|      -|       -|       -|    -|
|Expression       |        -|      -|       0|    2554|    -|
|FIFO             |        -|      -|       -|       -|    -|
|Instance         |        1|     27|    2223|    2329|    -|
|Memory           |        3|      -|       0|       0|    0|
|Multiplexer      |        -|      -|       -|    3795|    -|
|Register         |        0|      -|    9317|    2016|    -|
+-----------------+---------+-------+--------+--------+-----+
|Total            |        4|     27|   11540|   10694|    0|
+-----------------+---------+-------+--------+--------+-----+
|Available        |      730|    740|  269200|  134600|    0|
+-----------------+---------+-------+--------+--------+-----+
|Utilization (%)  |    ~0   |      3|       4|       7|    0|
+-----------------+---------+-------+--------+--------+-----+

