ARCHIVED REPORT EXCERPT: top-level timing, latency and resource summaries only.



================================================================
== Vivado HLS Report for 'attention_head'
================================================================
* Date:           Thu Jun 11 00:02:00 2026

* Version:        2019.1 (Build 2552052 on Fri May 24 15:28:33 MDT 2019)
* Project:        attention
* Solution:       solution4_balanced
* Product family: artix7
* Target device:  xc7a200t-fbg484-1


================================================================
== Performance Estimates
================================================================
+ Timing (ns): 
    * Summary: 
    +--------+-------+----------+------------+
    |  Clock | Target| Estimated| Uncertainty|
    +--------+-------+----------+------------+
    |ap_clk  |  10.00|    11.411|        1.25|
    +--------+-------+----------+------------+

+ Latency (clock cycles): 
    * Summary: 
    +-----------+-----------+-----------+-----------+---------+
    |        Latency        |        Interval       | Pipeline|
    |    min    |    max    |    min    |    max    |   Type  |
    +-----------+-----------+-----------+-----------+---------+
    |  683193345|  683193345|  683193345|  683193345|   none  |
    +-----------+-----------+-----------+-----------+---------+

    
== Utilization Estimates ==

================================================================
* Summary: 
+-----------------+---------+-------+--------+--------+-----+
|       Name      | BRAM_18K| DSP48E|   FF   |   LUT  | URAM|
+-----------------+---------+-------+--------+--------+-----+
|DSP              |        -|      -|       -|       -|    -|
|Expression       |        -|      -|       0|    5461|    -|
|FIFO             |        -|      -|       -|       -|    -|
|Instance         |        1|    135|    7605|    6453|    -|
|Memory           |        1|      -|       0|       0|    0|
|Multiplexer      |        -|      -|       -|   82309|    -|
|Register         |        0|      -|   24003|   11917|    -|
+-----------------+---------+-------+--------+--------+-----+
|Total            |        2|    135|   31608|  106140|    0|
+-----------------+---------+-------+--------+--------+-----+
|Available        |      730|    740|  269200|  134600|    0|
+-----------------+---------+-------+--------+--------+-----+
|Utilization (%)  |    ~0   |     18|      11|      78|    0|
+-----------------+---------+-------+--------+--------+-----+

